--------------------------------------------------------------------------------------
Timing Analyzer Summary
--------------------------------------------------------------------------------------

Type           : Worst-case tco
Slack          : N/A
Required Time  : None
Actual Time    : 7.788 ns
From           : registrador:REGZ|out[1]
To             : outZ[1]
From Clock     : clk
To Clock       : --
Failed Paths   : 0

Type           : Clock Setup: 'clk'
Slack          : N/A
Required Time  : None
Actual Time    : 61.34 MHz ( period = 16.302 ns )
From           : Control:UC|Ty[0]
To             : registrador:REGY|out[2]
From Clock     : clk
To Clock       : clk
Failed Paths   : 0

Type           : Clock Hold: 'clk'
Slack          : Not operational: Clock Skew > Data Delay
Required Time  : None
Actual Time    : N/A
From           : memory:mem|funcao[2]
To             : Control:UC|Tx[1]
From Clock     : clk
To Clock       : clk
Failed Paths   : 19

Type           : Total number of failed paths
Slack          : 
Required Time  : 
Actual Time    : 
From           : 
To             : 
From Clock     : 
To Clock       : 
Failed Paths   : 19

--------------------------------------------------------------------------------------

